[
  {
    "hasDescription": true,
    "hasInputSchema": true,
    "hasOutputSchema": true,
    "name": "addPet",
  },
  {
    "hasDescription": true,
    "hasInputSchema": true,
    "hasOutputSchema": true,
    "name": "updatePet",
  },
  {
    "hasDescription": true,
    "hasInputSchema": true,
    "hasOutputSchema": true,
    "name": "findPetsByStatus",
  },
  {
    "hasDescription": true,
    "hasInputSchema": true,
    "hasOutputSchema": true,
    "name": "findPetsByTags",
  },
  {
    "hasDescription": true,
    "hasInputSchema": true,
    "hasOutputSchema": true,
    "name": "getPetById",
  },
  {
    "hasDescription": true,
    "hasInputSchema": true,
    "hasOutputSchema": true,
    "name": "updatePetWithForm",
  },
  {
    "hasDescription": true,
    "hasInputSchema": true,
    "hasOutputSchema": true,
    "name": "deletePet",
  },
  {
    "hasDescription": true,
    "hasInputSchema": true,
    "hasOutputSchema": true,
    "name": "uploadFile",
  },
  {
    "hasDescription": true,
    "hasInputSchema": true,
    "hasOutputSchema": true,
    "name": "getInventory",
  },
  {
    "hasDescription": true,
    "hasInputSchema": true,
    "hasOutputSchema": true,
    "name": "placeOrder",
  },
  {
    "hasDescription": true,
    "hasInputSchema": true,
    "hasOutputSchema": true,
    "name": "getOrderById",
  },
  {
    "hasDescription": true,
    "hasInputSchema": true,
    "hasOutputSchema": true,
    "name": "deleteOrder",
  },
  {
    "hasDescription": true,
    "hasInputSchema": true,
    "hasOutputSchema": true,
    "name": "createUser",
  },
  {
    "hasDescription": true,
    "hasInputSchema": true,
    "hasOutputSchema": true,
    "name": "createUsersWithListInput",
  },
  {
    "hasDescription": true,
    "hasInputSchema": true,
    "hasOutputSchema": true,
    "name": "loginUser",
  },
  {
    "hasDescription": true,
    "hasInputSchema": true,
    "hasOutputSchema": true,
    "name": "logoutUser",
  },
  {
    "hasDescription": true,
    "hasInputSchema": true,
    "hasOutputSchema": true,
    "name": "getUserByName",
  },
  {
    "hasDescription": true,
    "hasInputSchema": true,
    "hasOutputSchema": true,
    "name": "updateUser",
  },
  {
    "hasDescription": true,
    "hasInputSchema": true,
    "hasOutputSchema": true,
    "name": "deleteUser",
  },
]